---
source: crates/tome/tests/browse_snapshots.rs
expression: out
---
< foo                                           │Preview: foo
                                                │source: bar
────────────────────                            │path: ~/.tome/library/foo
Source:   bar                                   │
Type:     local                                 │foo
Path:     ~/.tome/library/foo                   │A test skill body.
Synced:   2026-05-08T00:00:00Z                  │
                                                │
Actions─────────────────────────────────────────│
> Open source directory                         │
  Copy path to clipboard                        │
  Enable on this machine                        │
  Back                                          │
                                                │
                                                │
                                                │
                                                │
                                                │
                                                │
                                                │
                                                │
                                                │
                                                │
                                                │
                                                │
                                                │
                                                │
                                                │
                                                │
                                                │
                                                │
                                                │
                                                │
                                                │
                                                │
                                                │
                                                │
                                                │
                                                │
 ✓ Disabled foo on this machine
