---
source: crates/tome/tests/cli.rs
expression: stdout
---
Profile: test
Git: unavailable (not a Git repository)

Library: [TMPDIR]/library
  ✓ 0 skills consolidated
  Last sync: never

Directories:
  (none configured)

Lockfile: ✗ missing
Machine: 0 skills disabled, 0 directories disabled
Health: ✓ All good
